/enterprise /?;
/contribution-guidelines/contributing /;
/devops/how-to-do-a-load-test /operations/maintenance/how-to-do-a-load-test/;
/devops/how-to-varnish /operations/maintenance/how-to-varnish/;
/devops/self-hosting /operations/self-hosting/;
/devops/self-hosting/access-private-npm-modules /operations/npm/access-private-npm-modules/;
/devops/self-hosting/docker /operations/docker/;
/devops/self-hosting/docker/build-docker-images /operations/docker/build-docker-images/;
/devops/self-hosting/external-services /operations/external-services/;
/devops/self-hosting/hardware-requirements /operations/hardware-requirements/;
/devops/self-hosting/high-availability /operations/high-availability/;
/devops/self-hosting/high-availability/high-availability-setup /operations/high-availability-setup/;
/devops/self-hosting/proxy /operations/proxy/;
/evaluation-guide/create_designs /guides/documents/document-design/document-design-intro;
/evaluation-guide/dictionary /evaluation/glossary/;
/evaluation-guide/getting_started /evaluation/getting-started/;
/evaluation-guide/getting-started-with-local-development /evaluation/system-requirements/;
/evaluation-guide/image-services /guides/media-library/image-services/;
/evaluation-guide/metadata-examples /guides/documents/metadata/metadata-examples/;
/guides/access/access_hooks /guides/access/access-hooks/;
/guides/access/access_rights /guides/authentication/access-rights/;
/guides/azure-ad-login /guides/authentication/azure-ad-login/;
/guides/imports/dpa-import /guides/integrations/dpa-import/;
/guides/imports/import-legacy-system-documents /guides/integrations/import-legacy-system-documents/;
/guides/includes-embeds/article_and_list_includes /guides/documents/includes/document-teasers/;
/guides/includes-embeds/article_teasers /guides/documents/includes/document-teasers/;
/guides/includes-embeds/embedded_documents /guides/documents/includes/editable-document-teasers/;
/guides/includes-embeds/twitter_include_embed /guides/documents/includes/twitter-embed/;
/guides/includes-embeds/youtube_include /guides/documents/includes/youtube-embed/;
/guides/media_library /guides/media-library/media-library-setup/;
/guides/push_notifications /guides/editor/push-notifications/;
/guides/register_custom_dashboard_filters_ /guides/editor/custom-dashboard-filters/;
/guides/setup_multilanguage /guides/editor/multi-language/;
/guides/watching_documents /guides/editor/notifications/;
/guides/workflows/add-custom-proofreading-task /guides/editor/proofreading-task/;
/guides/workflows/add-custom-realtime-proofreading-dashboard /guides/editor/proofreading-dashboard/;
/guides/workflows/add-custom-task /guides/editor/review-task/;
/guides/workflows/enable-soft-lock /guides/editor/document-soft-lock/;
/reference-docs/content-model/component_model /reference/content-model/component/;
/reference-docs/content-model/component_tree /reference/content-model/component-tree/;
/reference-docs/content-model/livingdoc /reference/document/content/livingdocs-model/;
/reference-docs/editor-config/default_dashboard_filter /customising/advanced/editor-configuration/default-dashboard-filter/;
/reference-docs/editor-config/editing-features /customising/advanced/editor-configuration/editing-features/;
/reference-docs/editor-config/image-cropping /customising/advanced/editor-configuration/image-cropping/;
/reference-docs/editor-config/image-source-policy /customising/advanced/editor-configuration/image-source-policy/;
/reference-docs/editor-config/login /customising/advanced/editor-configuration/login/;
/reference-docs/editor-config/menu-and-dashboards /customising/advanced/editor-configuration/menu-and-dashboards/;
/reference-docs/editor-config/metadata /customising/advanced/editor-configuration/metadata/;
/reference-docs/editor-config/text-editing /customising/advanced/editor-configuration/text-editing/;
/reference-docs/includes/editor_customization /reference/document/includes/editor-customization/;
/reference-docs/includes/server_customization /reference/document/includes/;
/reference-docs/includes/service_multiselect /reference/document/includes/service-multiselect/;
/reference-docs/initalization /reference/editor-api/;
/reference-docs/initalization/document-drag-drop /reference/editor-api/document-drag-drop/;
/reference-docs/initalization/vue-component-registry /reference/editor-api/vue-component-registry/;
/reference-docs/project-config/content_types /reference/project-config/content-types/;
/reference-docs/project-config/editor_settings /reference/project-config/editor-settings/;
/reference-docs/project-config/media_types /reference/project-config/media-types/;
/reference-docs/server-code-apis/data_source_api /customising/server/data-source-api/;
/reference-docs/server-code-apis/events /customising/server/events/;
/reference-docs/server-code-apis/hooks /customising/server/hooks/;
/reference-docs/server-code-apis/import_api /customising/advanced/import-api/;
/reference-docs/server-code-apis/metadata /customising/server/metadata/;
/reference-docs/server-code-apis/seed_api /customising/server/seed-api/;
/reference-docs/server-config /customising/server-configuration/;
/reference-docs/server-config/config /customising/server-configuration/;
/reference-docs/server-config/custom-index /guides/search/custom-index/;
/reference-docs/server-config/google-cloud-storage /customising/server-configuration/storage/google-cloud-storage/;
/reference-docs/server-config/logging /customising/server/logging/;
/reference-docs/server-config/publication-index /guides/search/publication-index/;
/reference-docs/server-config/server-initalization /customising/server/server-initalization/;
/reference-docs/server-config/single_sign-on /customising/server-configuration/single-sign-on/;
/reference-docs/server-config/teaser-preview-config /guides/editor/teaser-preview/;
/reference-docs/server-config/webhooks /reference/webhooks/;
/reference-docs/public-api /reference/public-api/;
/reference-docs/cli /reference/cli/;
/reference-docs /reference/;
/enterprise/reference-docs/server-api/events /customising/server/events/;
/enterprise/reference-docs/server-configuration/webhooks /reference/webhooks/;
/enterprise/reference-docs/editor-api /reference/editor-api/;
/enterprise/guides/media-library /guides/media-library/media-library-setup/;
/enterprise/reference-docs/editor-configuration /customising/advanced/editor-configuration/;
/enterprise/reference-docs/editor-configuration/text-editing /customising/advanced/editor-configuration/text-editing/;
/enterprise/guides/elasticsearch-indexing/custom-index /guides/search/custom-index/;
/enterprise/guides/sitemaps-and-feeds /guides/organisation/sitemaps-and-feeds/;
/enterprise/guides/auth /guides/authentication/;
/reference/public-api/publications/latest-draft-beta /reference/public-api/drafts/latest-draft-beta/;
/reference/public-api/search /reference/public-api/publications/search/;
/reference/document/metadata/metadata-plugin-list /reference/document/metadata/plugins/;
/guides/editor/menu-tool /guides/editor/menus/;
